[2026-05-25T13:11:50.785] [DEBUG] debug-file - env: nodejsVersion=v18.20.1
[2026-05-25T13:11:55.173] [DEBUG] debug-file - Hvigor init with startParameters:{
  hvigorfileTypeCheck: false,
  parallelExecution: true,
  incrementalExecution: true,
  printStackTrace: false,
  daemon: false,
  analyze: 0,
  logLevel: Level { level: 20000, levelStr: 'INFO', colour: 'green' },
  optimizationStrategy: 'memory',
  hotCompile: undefined,
  hotReloadBuild: undefined,
  customizedParam: undefined
}
[2026-05-25T13:12:30.866] [DEBUG] debug-file - hvigorfile, require result:  { default: { system: [Function: appTasks], plugins: [] } }
[2026-05-25T13:12:30.868] [DEBUG] debug-file - Starting plugin build process
[2026-05-25T13:12:31.022] [DEBUG] debug-file - App plugin register hook start...
[2026-05-25T13:12:31.024] [DEBUG] debug-file - Start initialize project's product build option map with build mode debug.
[2026-05-25T13:12:31.027] [DEBUG] debug-file - Obtain build option for product 'default'in this build.
[2026-05-25T13:12:31.042] [DEBUG] debug-file - Start recording SDK configuration permission data.
[2026-05-25T13:12:31.085] [DEBUG] debug-file - Project task initialization takes 4 ms 
[2026-05-25T13:12:31.091] [DEBUG] debug-file - failed to load cangjie to dynamically generate schemas: Error: Cannot find module '@ohos/cangjie-build-support/index'
Require stack:
- E:\kaiyuan\DevEco Studio\tools\hvigor\hvigor-ohos-plugin\src\plugin\hooks\cangjie-register.js
- E:\kaiyuan\DevEco Studio\tools\hvigor\hvigor-ohos-plugin\src\plugin\strategy\stage-init-strategy.js
- E:\kaiyuan\DevEco Studio\tools\hvigor\hvigor-ohos-plugin\src\plugin\builder\abstract-plugin-builder.js
- E:\kaiyuan\DevEco Studio\tools\hvigor\hvigor-ohos-plugin\src\plugin\builder\app-plugin-builder.js
- E:\kaiyuan\DevEco Studio\tools\hvigor\hvigor-ohos-plugin\src\plugin\factory\plugin-factory.js
- E:\kaiyuan\DevEco Studio\tools\hvigor\hvigor-ohos-plugin\index.js
- E:\kaiyuan\list-item-edit-master\hvigorfile.ts
- E:\kaiyuan\DevEco Studio\tools\hvigor\hvigor\src\base\internal\lifecycle\configuration.js
- E:\kaiyuan\DevEco Studio\tools\hvigor\hvigor\src\base\boot\index.js
- E:\kaiyuan\DevEco Studio\tools\hvigor\hvigor\src\cli\main\cli.js
- E:\kaiyuan\DevEco Studio\tools\hvigor\hvigor\bin\hvigor.js
[2026-05-25T13:12:31.100] [DEBUG] debug-file - Start initialize module-target build option map, moduleName=entry, buildMode=debug
[2026-05-25T13:12:31.106] [DEBUG] debug-file - project has submodules:entry
[2026-05-25T13:11:50.786] [DEBUG] debug-file - env: hvigor-config.json5 content = {
  modelVersion: '5.0.0',
  dependencies: {},
  execution: {},
  logging: {},
  debugging: {},
  nodeOptions: {}
}
[2026-05-25T13:12:31.108] [DEBUG] debug-file - start to load updatedOhPackageInfo to the disk
[2026-05-25T13:12:31.114] [DEBUG] debug-file - Start to initialize dependency information.
[2026-05-25T13:12:31.136] [DEBUG] debug-file - entry : clean cost memory 1.6693344116210938
[2026-05-25T13:12:31.153] [DEBUG] debug-file - Create  resident worker with id: 0.
[2026-05-25T13:11:55.173] [DEBUG] debug-file - Since current hvigor version 6.22.4 differs from last hvigor version 
      undefined, delete file-cache.json and task-cache.json.
[2026-05-25T13:12:30.867] [DEBUG] debug-file - hvigorfile, binding system plugins [Function: appTasks]
[2026-05-25T13:12:30.868] [DEBUG] debug-file - App plugin prepare start...
[2026-05-25T13:12:31.023] [DEBUG] debug-file - App plugin register hook end...
[2026-05-25T13:12:31.024] [DEBUG] debug-file - Picking option from product 'default' with build mode 'debug'.
[2026-05-25T13:12:31.028] [DEBUG] debug-file - No signingConfig found, initRemoteHspCache failed.
[2026-05-25T13:12:31.080] [DEBUG] debug-file - Sdk init in 52 ms 
[2026-05-25T13:12:31.085] [DEBUG] debug-file - hvigorfile, binding custom plugins []
[2026-05-25T13:12:31.100] [DEBUG] debug-file - Target 'default' config initialized
[2026-05-25T13:11:50.788] [DEBUG] debug-file - env: daemon=false
[2026-05-25T13:12:31.110] [DEBUG] debug-file - load to the disk finished
[2026-05-25T13:12:31.115] [DEBUG] debug-file - Module entry Collected Dependency: 
[2026-05-25T13:12:31.136] [DEBUG] debug-file - runTaskFromQueue task cost before running: 35 s 969 ms 
[2026-05-25T13:12:31.155] [DEBUG] debug-file - Create  resident worker with id: 1.
[2026-05-25T13:11:55.173] [DEBUG] debug-file - Cache service initialization finished in 1 ms 
[2026-05-25T13:12:30.868] [DEBUG] debug-file - App plugin prepare end...
[2026-05-25T13:12:31.023] [DEBUG] debug-file - Plugin build process completed
[2026-05-25T13:12:31.025] [DEBUG] debug-file - Product 'default' build option initialized
[2026-05-25T13:12:31.029] [DEBUG] debug-file - Local scan or download HarmonyOS sdk components toolchains,ets,js,native,previewer
[2026-05-25T13:12:31.085] [DEBUG] debug-file - hvigorfile, no custom plugins were found in E:\kaiyuan\list-item-edit-master\hvigorfile.ts
[2026-05-25T13:12:31.100] [DEBUG] debug-file - Module 'entry' target 'default' build option initialized
[2026-05-25T13:12:31.111] [DEBUG] debug-file - Start to initialize dependency information.
[2026-05-25T13:11:50.788] [DEBUG] debug-file - no-daemon, use the parent process.execArgv --max-old-space-size=8192,--max-semi-space-size=16,--expose-gc
[2026-05-25T13:12:31.137] [INFO] debug-file - Finished :entry:clean... after 17 ms 
[2026-05-25T13:11:55.174] [DEBUG] debug-file - hvigorfile, resolving E:\kaiyuan\list-item-edit-master\hvigorfile.ts
[2026-05-25T13:12:31.115] [DEBUG] debug-file - Module entry's total dependency: 0
[2026-05-25T13:12:30.868] [DEBUG] debug-file - App plugin creating...
[2026-05-25T13:12:31.025] [DEBUG] debug-file - End initialize project's product build option map with build mode 'debug'.
[2026-05-25T13:12:31.039] [DEBUG] debug-file - Local scan or download hmscore sdk components toolchains,ets,native
[2026-05-25T13:12:31.085] [DEBUG] debug-file - hvigorfile, resolve finished E:\kaiyuan\list-item-edit-master\hvigorfile.ts
[2026-05-25T13:12:31.100] [DEBUG] debug-file - End initialize module-target build option map, moduleName=entry
[2026-05-25T13:12:31.112] [DEBUG] debug-file - Module list-item-edit-master Collected Dependency: 
[2026-05-25T13:12:31.157] [DEBUG] debug-file - Current worker pool is stopped or closed.
[2026-05-25T13:12:31.137] [DEBUG] debug-file - Executing task ::clean
[2026-05-25T13:12:31.117] [DEBUG] debug-file - Configuration phase cost:35 s 944 ms 
[2026-05-25T13:12:31.086] [DEBUG] debug-file - hvigorfile, resolving E:\kaiyuan\list-item-edit-master\entry\hvigorfile.ts
[2026-05-25T13:12:31.157] [DEBUG] debug-file - Clear worker 0.
[2026-05-25T13:12:31.100] [DEBUG] debug-file - Start initialize module-target build option map, moduleName=entry, buildMode=release
[2026-05-25T13:12:31.112] [DEBUG] debug-file - Module list-item-edit-master's total dependency: 0
[2026-05-25T13:12:31.090] [DEBUG] debug-file - hvigorfile, require result:  { default: { system: [Function: hapTasks], plugins: [] } }
[2026-05-25T13:12:31.119] [DEBUG] debug-file - Configuration task cost before running: 35 s 952 ms 
[2026-05-25T13:12:31.137] [DEBUG] debug-file - clean: Worker pool is inactive.
[2026-05-25T13:12:31.157] [DEBUG] debug-file - Worker 0 has been cleared.
[2026-05-25T13:12:31.101] [DEBUG] debug-file - Target 'default' config initialized
[2026-05-25T13:12:31.090] [DEBUG] debug-file - hvigorfile, binding system plugins [Function: hapTasks]
[2026-05-25T13:12:31.119] [DEBUG] debug-file - Executing task :entry:clean
[2026-05-25T13:12:31.137] [DEBUG] debug-file - list-item-edit-master : clean cost memory 0.0196685791015625
[2026-05-25T13:12:31.157] [DEBUG] debug-file - Current idle worker size: 1.
[2026-05-25T13:12:31.101] [DEBUG] debug-file - Module 'entry' target 'default' build option initialized
[2026-05-25T13:12:31.090] [DEBUG] debug-file - Starting plugin build process
[2026-05-25T13:12:31.119] [DEBUG] debug-file - clean: Worker pool is inactive.
[2026-05-25T13:12:31.137] [DEBUG] debug-file - runTaskFromQueue task cost before running: 35 s 971 ms 
[2026-05-25T13:12:31.157] [DEBUG] debug-file - Current busy worker size: 0.
[2026-05-25T13:12:31.101] [DEBUG] debug-file - End initialize module-target build option map, moduleName=entry
[2026-05-25T13:12:31.090] [DEBUG] debug-file - Hap plugin creating...
[2026-05-25T13:12:31.137] [INFO] debug-file - Finished ::clean... after 1 ms 
[2026-05-25T13:12:31.157] [DEBUG] debug-file - Clear worker 1.
[2026-05-25T13:12:31.101] [DEBUG] debug-file - Start initialize module-target build option map, moduleName=entry, buildMode=debug
[2026-05-25T13:12:31.138] [DEBUG] debug-file - Executing task :entry:init
[2026-05-25T13:12:31.157] [DEBUG] debug-file - Worker 1 has been cleared.
[2026-05-25T13:12:31.101] [DEBUG] debug-file - Target 'default' config initialized
[2026-05-25T13:12:31.138] [DEBUG] debug-file - entry : init cost memory 0.01263427734375
[2026-05-25T13:12:31.157] [DEBUG] debug-file - Current idle worker size: 0.
[2026-05-25T13:12:31.101] [DEBUG] debug-file - Module 'entry' target 'default' build option initialized
[2026-05-25T13:12:31.138] [DEBUG] debug-file - runTaskFromQueue task cost before running: 35 s 971 ms 
[2026-05-25T13:12:31.157] [DEBUG] debug-file - Current busy worker size: 0.
[2026-05-25T13:12:31.101] [DEBUG] debug-file - End initialize module-target build option map, moduleName=entry
[2026-05-25T13:12:31.158] [DEBUG] debug-file - hvigor build process will be closed.
[2026-05-25T13:12:31.138] [INFO] debug-file - Finished :entry:init... after 1 ms 
[2026-05-25T13:12:31.101] [DEBUG] debug-file - Obtain build option for module 'entry' target 'default'in this build.
[2026-05-25T13:12:31.164] [DEBUG] debug-file - worker[0] exits with exit code 0.
[2026-05-25T13:12:31.138] [DEBUG] debug-file - Executing task ::init
[2026-05-25T13:12:31.105] [DEBUG] debug-file - Module entry task initialization takes 4 ms 
[2026-05-25T13:12:31.165] [DEBUG] debug-file - worker[1] exits with exit code 0.
[2026-05-25T13:12:31.138] [DEBUG] debug-file - list-item-edit-master : init cost memory 0.01141357421875
[2026-05-25T13:12:31.105] [DEBUG] debug-file - Hap plugin register hook start...
[2026-05-25T13:12:31.165] [DEBUG] debug-file - Current worker pool is terminated.
[2026-05-25T13:12:31.138] [DEBUG] debug-file - runTaskFromQueue task cost before running: 35 s 971 ms 
[2026-05-25T13:12:31.106] [DEBUG] debug-file - Hap plugin register hook end...
[2026-05-25T13:12:31.138] [INFO] debug-file - Finished ::init... after 1 ms 
[2026-05-25T13:12:31.106] [DEBUG] debug-file - Plugin build process completed
[2026-05-25T13:12:31.146] [DEBUG] debug-file - Obtain build option for module 'entry' target 'default'in this build.
[2026-05-25T13:12:31.106] [DEBUG] debug-file - hvigorfile, binding custom plugins []
[2026-05-25T13:12:31.151] [DEBUG] debug-file - Since there is no instance or instance is terminated, create a new worker pool.
[2026-05-25T13:12:31.106] [DEBUG] debug-file - hvigorfile, no custom plugins were found in E:\kaiyuan\list-item-edit-master\entry\hvigorfile.ts
[2026-05-25T13:12:31.151] [DEBUG] debug-file - Worker pool is initialized with config:  {
  minPoolNum: 2,
  maxPoolNum: undefined,
  maxCoreSize: undefined,
  cacheCapacity: undefined,
  cacheTtl: undefined
}
[2026-05-25T13:12:31.106] [DEBUG] debug-file - hvigorfile, resolve finished E:\kaiyuan\list-item-edit-master\entry\hvigorfile.ts
[2026-05-25T13:28:44.421] [DEBUG] debug-file - env: nodejsVersion=v18.20.1
[2026-05-25T13:28:44.564] [DEBUG] debug-file - env: daemon=true
[2026-05-25T13:28:44.422] [DEBUG] debug-file - env: hvigor-config.json5 content = {
  modelVersion: '5.0.0',
  dependencies: {},
  execution: {},
  logging: {},
  debugging: {},
  nodeOptions: {}
}
[2026-05-25T13:28:47.453] [DEBUG] debug-file - java daemon tryConnect failed Error: connect ECONNREFUSED 127.0.0.1:45050
[2026-05-25T13:28:47.497] [DEBUG] debug-file - java daemon started at port 45050 pid 27028
[2026-05-25T13:28:47.514] [DEBUG] debug-file - session manager: set active socket. socketId=_EDymjE8lKiCgDrmAAAB
[2026-05-25T13:28:47.818] [DEBUG] debug-file - watch worker: worker id should be larger than 0. Nothing will be sent to any worker thread.
[2026-05-25T13:28:47.822] [DEBUG] debug-file - Since there is no instance or instance is terminated, create a new worker pool.
[2026-05-25T13:28:47.823] [DEBUG] debug-file - Worker pool is initialized with config:  {
  minPoolNum: 2,
  maxPoolNum: undefined,
  maxCoreSize: undefined,
  cacheCapacity: undefined,
  cacheTtl: undefined
}
[2026-05-25T13:28:47.824] [DEBUG] debug-file - Create  resident worker with id: 0.
[2026-05-25T13:28:47.825] [DEBUG] debug-file - Create  resident worker with id: 1.
[2026-05-25T13:28:47.827] [DEBUG] debug-file - Workers' log level updated to INFO
[2026-05-25T13:28:47.831] [DEBUG] debug-file - Hvigor init with startParameters:{
  hvigorfileTypeCheck: false,
  parallelExecution: true,
  incrementalExecution: true,
  printStackTrace: false,
  daemon: true,
  analyze: 0,
  logLevel: Level { level: 20000, levelStr: 'INFO', colour: 'green' },
  optimizationStrategy: 'memory',
  hotCompile: undefined,
  hotReloadBuild: undefined,
  customizedParam: undefined
}
[2026-05-25T13:28:47.832] [DEBUG] debug-file - Cache service initialization finished in 1 ms 
[2026-05-25T13:28:47.834] [DEBUG] debug-file - hvigorfile, resolving E:\kaiyuan\list-item-edit-master\hvigorfile.ts
[2026-05-25T13:28:49.149] [DEBUG] debug-file - hvigorfile, require result:  { default: { plugins: [] } }
[2026-05-25T13:28:49.149] [DEBUG] debug-file - hvigorfile, binding system plugins null
[2026-05-25T13:28:49.150] [DEBUG] debug-file - Starting plugin build process
[2026-05-25T13:28:49.150] [DEBUG] debug-file - App plugin prepare start...
[2026-05-25T13:28:49.150] [DEBUG] debug-file - App plugin prepare end...
[2026-05-25T13:28:49.150] [DEBUG] debug-file - App plugin creating...
[2026-05-25T13:28:49.281] [DEBUG] debug-file - App plugin register hook start...
[2026-05-25T13:28:49.281] [DEBUG] debug-file - App plugin register hook end...
[2026-05-25T13:28:49.281] [DEBUG] debug-file - Plugin build process completed
[2026-05-25T13:28:49.282] [DEBUG] debug-file - Start initialize project's product build option map with build mode debug.
[2026-05-25T13:28:49.282] [DEBUG] debug-file - Picking option from product 'default' with build mode 'debug'.
[2026-05-25T13:28:49.282] [DEBUG] debug-file - Product 'default' build option initialized
[2026-05-25T13:28:49.282] [DEBUG] debug-file - End initialize project's product build option map with build mode 'debug'.
[2026-05-25T13:28:49.284] [DEBUG] debug-file - Obtain build option for product 'default'in this build.
[2026-05-25T13:28:49.285] [DEBUG] debug-file - No signingConfig found, initRemoteHspCache failed.
[2026-05-25T13:28:49.287] [DEBUG] debug-file - Local scan or download HarmonyOS sdk components toolchains,ets,js,native,previewer
[2026-05-25T13:28:49.288] [DEBUG] debug-file - Local scan or download hmscore sdk components toolchains,ets,native
[2026-05-25T13:28:49.290] [DEBUG] debug-file - Start recording SDK configuration permission data.
[2026-05-25T13:28:49.316] [DEBUG] debug-file - Sdk init in 31 ms 
[2026-05-25T13:28:49.321] [DEBUG] debug-file - Project task initialization takes 4 ms 
[2026-05-25T13:28:49.321] [DEBUG] debug-file - hvigorfile, binding custom plugins []
[2026-05-25T13:28:49.321] [DEBUG] debug-file - hvigorfile, no custom plugins were found in E:\kaiyuan\list-item-edit-master\hvigorfile.ts
[2026-05-25T13:28:49.321] [DEBUG] debug-file - hvigorfile, resolve finished E:\kaiyuan\list-item-edit-master\hvigorfile.ts
[2026-05-25T13:28:49.322] [DEBUG] debug-file - hvigorfile, resolving E:\kaiyuan\list-item-edit-master\entry\hvigorfile.ts
[2026-05-25T13:28:49.329] [DEBUG] debug-file - hvigorfile, require result:  { default: { plugins: [] } }
[2026-05-25T13:28:49.329] [DEBUG] debug-file - hvigorfile, binding system plugins null
[2026-05-25T13:28:49.329] [DEBUG] debug-file - Starting plugin build process
[2026-05-25T13:28:49.329] [DEBUG] debug-file - Hap plugin creating...
[2026-05-25T13:28:49.330] [DEBUG] debug-file - failed to load cangjie to dynamically generate schemas: Error: Cannot find module '@ohos/cangjie-build-support/index'
Require stack:
- E:\kaiyuan\DevEco Studio\tools\hvigor\hvigor-ohos-plugin\src\plugin\hooks\cangjie-register.js
- E:\kaiyuan\DevEco Studio\tools\hvigor\hvigor-ohos-plugin\src\plugin\strategy\stage-init-strategy.js
- E:\kaiyuan\DevEco Studio\tools\hvigor\hvigor-ohos-plugin\src\plugin\builder\abstract-plugin-builder.js
- E:\kaiyuan\DevEco Studio\tools\hvigor\hvigor-ohos-plugin\src\plugin\builder\app-plugin-builder.js
- E:\kaiyuan\DevEco Studio\tools\hvigor\hvigor-ohos-plugin\src\plugin\factory\plugin-factory.js
- E:\kaiyuan\DevEco Studio\tools\hvigor\hvigor-ohos-plugin\index.js
- E:\kaiyuan\list-item-edit-master\hvigorfile.ts
- E:\kaiyuan\DevEco Studio\tools\hvigor\hvigor\src\base\internal\lifecycle\configuration.js
- E:\kaiyuan\DevEco Studio\tools\hvigor\hvigor\src\base\boot\index.js
- E:\kaiyuan\DevEco Studio\tools\hvigor\hvigor\src\base\daemon\cluster\worker-process-lifecycle.js
- E:\kaiyuan\DevEco Studio\tools\hvigor\hvigor\src\base\daemon\process\daemon-process-boot-script.js
[2026-05-25T13:28:49.339] [DEBUG] debug-file - Start initialize module-target build option map, moduleName=entry, buildMode=debug
[2026-05-25T13:28:49.340] [DEBUG] debug-file - Target 'default' config initialized
[2026-05-25T13:28:49.340] [DEBUG] debug-file - Module 'entry' target 'default' build option initialized
[2026-05-25T13:28:49.340] [DEBUG] debug-file - End initialize module-target build option map, moduleName=entry
[2026-05-25T13:28:49.340] [DEBUG] debug-file - Start initialize module-target build option map, moduleName=entry, buildMode=release
[2026-05-25T13:28:49.340] [DEBUG] debug-file - Target 'default' config initialized
[2026-05-25T13:28:49.340] [DEBUG] debug-file - Module 'entry' target 'default' build option initialized
[2026-05-25T13:28:49.340] [DEBUG] debug-file - End initialize module-target build option map, moduleName=entry
[2026-05-25T13:28:49.340] [DEBUG] debug-file - Start initialize module-target build option map, moduleName=entry, buildMode=debug
[2026-05-25T13:28:49.340] [DEBUG] debug-file - Target 'default' config initialized
[2026-05-25T13:28:49.341] [DEBUG] debug-file - Module 'entry' target 'default' build option initialized
[2026-05-25T13:28:49.341] [DEBUG] debug-file - End initialize module-target build option map, moduleName=entry
[2026-05-25T13:28:49.341] [DEBUG] debug-file - Obtain build option for module 'entry' target 'default'in this build.
[2026-05-25T13:28:49.345] [DEBUG] debug-file - Module entry task initialization takes 4 ms 
[2026-05-25T13:28:49.345] [DEBUG] debug-file - Hap plugin register hook start...
[2026-05-25T13:28:49.345] [DEBUG] debug-file - Hap plugin register hook end...
[2026-05-25T13:28:49.345] [DEBUG] debug-file - Plugin build process completed
[2026-05-25T13:28:49.345] [DEBUG] debug-file - hvigorfile, binding custom plugins []
[2026-05-25T13:28:49.345] [DEBUG] debug-file - hvigorfile, no custom plugins were found in E:\kaiyuan\list-item-edit-master\entry\hvigorfile.ts
[2026-05-25T13:28:49.345] [DEBUG] debug-file - hvigorfile, resolve finished E:\kaiyuan\list-item-edit-master\entry\hvigorfile.ts
[2026-05-25T13:28:49.360] [DEBUG] debug-file - hvigorfile, resolve hvigorfile dependencies in 15 ms 
[2026-05-25T13:28:49.360] [DEBUG] debug-file - project has submodules:entry
[2026-05-25T13:28:49.361] [DEBUG] debug-file - start to load updatedOhPackageInfo to the disk
[2026-05-25T13:28:49.365] [DEBUG] debug-file - load to the disk finished
[2026-05-25T13:28:49.366] [DEBUG] debug-file - Start to initialize dependency information.
[2026-05-25T13:28:49.367] [DEBUG] debug-file - Module list-item-edit-master Collected Dependency: 
[2026-05-25T13:28:49.367] [DEBUG] debug-file - Module list-item-edit-master's total dependency: 0
[2026-05-25T13:28:49.369] [DEBUG] debug-file - Start to initialize dependency information.
[2026-05-25T13:28:49.370] [DEBUG] debug-file - Module entry Collected Dependency: 
[2026-05-25T13:28:49.370] [DEBUG] debug-file - Module entry's total dependency: 0
[2026-05-25T13:28:49.373] [DEBUG] debug-file - Configuration phase cost:1 s 540 ms 
[2026-05-25T13:28:49.374] [DEBUG] debug-file - Configuration task cost before running: 1 s 547 ms 
[2026-05-25T13:28:49.378] [DEBUG] debug-file - Executing task :entry:default@PreBuild
[2026-05-25T13:28:49.379] [DEBUG] debug-file - Task 'entry:default@PreBuild' cost while wrapping incremental declarations: 1 ms 
[2026-05-25T13:28:49.514] [DEBUG] debug-file - current product is not Atomic service.
[2026-05-25T13:28:49.514] [DEBUG] debug-file - Use tool [win32: JAVA_HOME, CLASSPATH]
 [
  { JAVA_HOME: 'E:\\kaiyuan\\DevEco Studio\\jbr' },
  { CLASSPATH: undefined }
]
[2026-05-25T13:28:49.515] [DEBUG] debug-file - Use tool [win32: NODE_HOME]
 [ { NODE_HOME: 'E:\\kaiyuan\\DevEco Studio\\tools\\node' } ]
[2026-05-25T13:28:49.515] [DEBUG] debug-file - entry : default@PreBuild cost memory 17.424224853515625
[2026-05-25T13:28:49.516] [DEBUG] debug-file - runTaskFromQueue task cost before running: 1 s 689 ms 
[2026-05-25T13:28:49.517] [INFO] debug-file - Finished :entry:default@PreBuild... after 138 ms 
[2026-05-25T13:28:49.518] [DEBUG] debug-file - Executing task :entry:default@CreateModuleInfo
[2026-05-25T13:28:49.518] [DEBUG] debug-file - Task 'entry:default@CreateModuleInfo' cost while wrapping incremental declarations: 1 ms 
[2026-05-25T13:28:49.518] [DEBUG] debug-file - entry : default@CreateModuleInfo cost memory 0.044464111328125
[2026-05-25T13:28:49.518] [DEBUG] debug-file - runTaskFromQueue task cost before running: 1 s 692 ms 
[2026-05-25T13:28:49.519] [INFO] debug-file - Finished :entry:default@CreateModuleInfo... after 1 ms 
[2026-05-25T13:28:49.520] [DEBUG] debug-file - Executing task :entry:default@GenerateMetadata
[2026-05-25T13:28:49.520] [DEBUG] debug-file - Task 'entry:default@GenerateMetadata' cost while wrapping incremental declarations: 1 ms 
[2026-05-25T13:28:49.522] [DEBUG] debug-file - entry : default@GenerateMetadata cost memory 0.06275177001953125
[2026-05-25T13:28:49.522] [DEBUG] debug-file - runTaskFromQueue task cost before running: 1 s 696 ms 
[2026-05-25T13:28:49.522] [INFO] debug-file - Finished :entry:default@GenerateMetadata... after 3 ms 
[2026-05-25T13:28:49.523] [DEBUG] debug-file - Executing task :entry:default@ConfigureCmake
[2026-05-25T13:28:49.524] [DEBUG] debug-file - entry : default@ConfigureCmake cost memory 0.0144805908203125
[2026-05-25T13:28:49.524] [DEBUG] debug-file - runTaskFromQueue task cost before running: 1 s 697 ms 
[2026-05-25T13:28:49.524] [INFO] debug-file - Finished :entry:default@ConfigureCmake... after 1 ms 
[2026-05-25T13:28:49.526] [DEBUG] debug-file - Executing task :entry:default@MergeProfile
[2026-05-25T13:28:49.526] [DEBUG] debug-file - Task 'entry:default@MergeProfile' cost while wrapping incremental declarations: 1 ms 
[2026-05-25T13:28:49.527] [DEBUG] debug-file - Change app api release type with 'Release'
[2026-05-25T13:28:49.527] [DEBUG] debug-file - Change app compile API version with '6.0.2.130'
[2026-05-25T13:28:49.527] [DEBUG] debug-file - Change app target API version with '50005017'
[2026-05-25T13:28:49.527] [DEBUG] debug-file - Change app minimum API version with '50005017'
[2026-05-25T13:28:49.528] [DEBUG] debug-file - Use cli appEnvironment
[2026-05-25T13:28:49.529] [DEBUG] debug-file - entry : default@MergeProfile cost memory 0.14597320556640625
[2026-05-25T13:28:49.529] [DEBUG] debug-file - runTaskFromQueue task cost before running: 1 s 703 ms 
[2026-05-25T13:28:49.530] [INFO] debug-file - Finished :entry:default@MergeProfile... after 4 ms 
[2026-05-25T13:28:49.531] [DEBUG] debug-file - Executing task :entry:default@CreateBuildProfile
[2026-05-25T13:28:49.531] [DEBUG] debug-file - Task 'entry:default@CreateBuildProfile' cost while wrapping incremental declarations: 1 ms 
[2026-05-25T13:28:49.532] [DEBUG] debug-file - entry : default@CreateBuildProfile cost memory 0.3107147216796875
[2026-05-25T13:28:49.532] [DEBUG] debug-file - runTaskFromQueue task cost before running: 1 s 706 ms 
[2026-05-25T13:28:49.533] [INFO] debug-file - Finished :entry:default@CreateBuildProfile... after 2 ms 
[2026-05-25T13:28:49.536] [DEBUG] debug-file - Executing task :entry:default@PreCheckSyscap
[2026-05-25T13:28:49.536] [DEBUG] debug-file - entry : default@PreCheckSyscap cost memory 0.01471710205078125
[2026-05-25T13:28:49.536] [DEBUG] debug-file - runTaskFromQueue task cost before running: 1 s 710 ms 
[2026-05-25T13:28:49.537] [INFO] debug-file - Finished :entry:default@PreCheckSyscap... after 1 ms 
[2026-05-25T13:28:49.538] [DEBUG] debug-file - Executing task :entry:default@GeneratePkgContextInfo
[2026-05-25T13:28:49.544] [DEBUG] debug-file - Task 'entry:default@GeneratePkgContextInfo' cost while wrapping incremental declarations: 1 ms 
[2026-05-25T13:28:49.545] [DEBUG] debug-file - entry : default@GeneratePkgContextInfo cost memory 0.22309112548828125
[2026-05-25T13:28:49.545] [DEBUG] debug-file - runTaskFromQueue task cost before running: 1 s 718 ms 
[2026-05-25T13:28:49.545] [INFO] debug-file - Finished :entry:default@GeneratePkgContextInfo... after 7 ms 
[2026-05-25T13:28:49.547] [DEBUG] debug-file - Executing task :entry:default@ProcessIntegratedHsp
[2026-05-25T13:28:49.547] [DEBUG] debug-file - entry : default@ProcessIntegratedHsp cost memory 0.0290374755859375
[2026-05-25T13:28:49.547] [DEBUG] debug-file - runTaskFromQueue task cost before running: 1 s 721 ms 
[2026-05-25T13:28:49.548] [INFO] debug-file - Finished :entry:default@ProcessIntegratedHsp... after 1 ms 
[2026-05-25T13:28:49.548] [DEBUG] debug-file - Executing task :entry:default@BuildNativeWithCmake
[2026-05-25T13:28:49.549] [DEBUG] debug-file - entry : default@BuildNativeWithCmake cost memory 0.014862060546875
[2026-05-25T13:28:49.549] [DEBUG] debug-file - runTaskFromQueue task cost before running: 1 s 722 ms 
[2026-05-25T13:28:49.549] [INFO] debug-file - Finished :entry:default@BuildNativeWithCmake... after 1 ms 
[2026-05-25T13:28:49.549] [DEBUG] debug-file - Executing task :entry:default@MakePackInfo
[2026-05-25T13:28:49.551] [DEBUG] debug-file - Module Pack Info:  {
  summary: {
    app: { bundleName: 'c***t', bundleType: 'app', version: [Object] },
    modules: [ [Object] ]
  },
  packages: [
    {
      deviceType: [Array],
      moduleType: 'entry',
      deliveryWithInstall: true,
      name: 'entry-default'
    }
  ]
}
[2026-05-25T13:28:49.551] [DEBUG] debug-file - entry : default@MakePackInfo cost memory 0.0982513427734375
[2026-05-25T13:28:49.551] [DEBUG] debug-file - runTaskFromQueue task cost before running: 1 s 725 ms 
[2026-05-25T13:28:49.552] [INFO] debug-file - Finished :entry:default@MakePackInfo... after 2 ms 
[2026-05-25T13:28:49.552] [DEBUG] debug-file - Executing task :entry:default@SyscapTransform
[2026-05-25T13:28:49.552] [DEBUG] debug-file - File: 'E:\kaiyuan\list-item-edit-master\entry\src\main\syscap.json' from 'sysCapJsonPath' is not exists, just ignore.
[2026-05-25T13:28:49.553] [DEBUG] debug-file - Task 'entry:default@SyscapTransform' cost while wrapping incremental declarations: 1 ms 
[2026-05-25T13:28:49.554] [DEBUG] debug-file - entry : default@SyscapTransform cost memory 0.05413055419921875
[2026-05-25T13:28:49.554] [DEBUG] debug-file - runTaskFromQueue task cost before running: 1 s 727 ms 
[2026-05-25T13:28:49.554] [INFO] debug-file - Finished :entry:default@SyscapTransform... after 2 ms 
[2026-05-25T13:28:49.556] [DEBUG] debug-file - Executing task :entry:default@ProcessProfile
[2026-05-25T13:28:49.556] [DEBUG] debug-file - Task 'entry:default@ProcessProfile' cost while wrapping incremental declarations: 1 ms 
[2026-05-25T13:28:49.558] [DEBUG] debug-file - [
  'E:\\kaiyuan\\DevEco Studio\\tools\\node\\node.exe',
  'E:\\kaiyuan\\DevEco Studio\\sdk\\default\\openharmony\\ets\\build-tools\\ets-loader\\bin\\ark\\ts2abc.js',
  '--target-api-version',
  '17'
]
[2026-05-25T13:28:50.137] [DEBUG] debug-file - 12.0.6.0
[2026-05-25T13:28:50.138] [DEBUG] debug-file - No need to add fake ui ability because of not in preview process.
[2026-05-25T13:28:50.139] [DEBUG] debug-file - entry : default@ProcessProfile cost memory 2.246673583984375
[2026-05-25T13:28:50.139] [DEBUG] debug-file - runTaskFromQueue task cost before running: 2 s 312 ms 
[2026-05-25T13:28:50.139] [INFO] debug-file - Finished :entry:default@ProcessProfile... after 584 ms 
[2026-05-25T13:28:50.140] [DEBUG] debug-file - Executing task :entry:default@ProcessRouterMap
[2026-05-25T13:28:50.142] [DEBUG] debug-file - entry : default@ProcessRouterMap cost memory 0.08235931396484375
[2026-05-25T13:28:50.142] [DEBUG] debug-file - runTaskFromQueue task cost before running: 2 s 316 ms 
[2026-05-25T13:28:50.143] [INFO] debug-file - Finished :entry:default@ProcessRouterMap... after 3 ms 
[2026-05-25T13:28:50.144] [DEBUG] debug-file - Executing task :entry:default@ProcessShareConfig
[2026-05-25T13:28:50.145] [DEBUG] debug-file - entry : default@ProcessShareConfig cost memory 0.0637969970703125
[2026-05-25T13:28:50.145] [DEBUG] debug-file - runTaskFromQueue task cost before running: 2 s 319 ms 
[2026-05-25T13:28:50.146] [INFO] debug-file - Finished :entry:default@ProcessShareConfig... after 2 ms 
[2026-05-25T13:28:50.146] [DEBUG] debug-file - Executing task :entry:default@ProcessStartupConfig
[2026-05-25T13:28:50.147] [DEBUG] debug-file - Task 'entry:default@ProcessStartupConfig' cost while wrapping incremental declarations: 1 ms 
[2026-05-25T13:28:50.147] [DEBUG] debug-file - entry : default@ProcessStartupConfig cost memory 0.05890655517578125
[2026-05-25T13:28:50.147] [DEBUG] debug-file - runTaskFromQueue task cost before running: 2 s 321 ms 
[2026-05-25T13:28:50.148] [INFO] debug-file - Finished :entry:default@ProcessStartupConfig... after 1 ms 
[2026-05-25T13:28:50.148] [DEBUG] debug-file - Executing task :entry:default@BuildNativeWithNinja
[2026-05-25T13:28:50.149] [DEBUG] debug-file - entry : default@BuildNativeWithNinja cost memory 0.02657318115234375
[2026-05-25T13:28:50.149] [DEBUG] debug-file - runTaskFromQueue task cost before running: 2 s 322 ms 
[2026-05-25T13:28:50.149] [INFO] debug-file - Finished :entry:default@BuildNativeWithNinja... after 1 ms 
[2026-05-25T13:28:50.150] [DEBUG] debug-file - restool module names: entry; moduleName=entry, taskName=default@ProcessResource
[2026-05-25T13:28:50.156] [DEBUG] debug-file - Executing task :entry:default@ProcessResource
[2026-05-25T13:28:50.156] [DEBUG] debug-file - Task 'entry:default@ProcessResource' cost while wrapping incremental declarations: 1 ms 
[2026-05-25T13:28:50.157] [DEBUG] debug-file - entry : default@ProcessResource cost memory 0.30438995361328125
[2026-05-25T13:28:50.158] [DEBUG] debug-file - runTaskFromQueue task cost before running: 2 s 331 ms 
[2026-05-25T13:28:50.158] [INFO] debug-file - Finished :entry:default@ProcessResource... after 7 ms 
[2026-05-25T13:28:50.160] [DEBUG] debug-file - Executing task :entry:default@GenerateLoaderJson
[2026-05-25T13:28:50.160] [DEBUG] debug-file - Task 'entry:default@GenerateLoaderJson' cost while wrapping incremental declarations: 1 ms 
[2026-05-25T13:28:50.166] [DEBUG] debug-file - entry : default@GenerateLoaderJson cost memory 0.4682159423828125
[2026-05-25T13:28:50.166] [DEBUG] debug-file - runTaskFromQueue task cost before running: 2 s 339 ms 
[2026-05-25T13:28:50.167] [INFO] debug-file - Finished :entry:default@GenerateLoaderJson... after 6 ms 
[2026-05-25T13:28:50.168] [DEBUG] debug-file - Executing task :entry:default@ProcessLibs
[2026-05-25T13:28:50.171] [DEBUG] debug-file - Worker dispatch failed, running processLibs on main thread.
[2026-05-25T13:28:50.172] [DEBUG] debug-file - entry : default@ProcessLibs cost memory 0.27037811279296875
[2026-05-25T13:28:50.172] [DEBUG] debug-file - runTaskFromQueue task cost before running: 2 s 346 ms 
[2026-05-25T13:28:50.173] [INFO] debug-file - Finished :entry:default@ProcessLibs... after 5 ms 
[2026-05-25T13:28:50.174] [DEBUG] debug-file - restool module names: entry; moduleName=entry, taskName=default@CompileResource
[2026-05-25T13:28:50.174] [DEBUG] debug-file - Executing task :entry:default@CompileResource
[2026-05-25T13:28:50.180] [DEBUG] debug-file - Use tool [E:\kaiyuan\DevEco Studio\sdk\default\openharmony\toolchains\restool.exe]
 [
  'E:\\kaiyuan\\DevEco Studio\\sdk\\default\\openharmony\\toolchains\\restool.exe',
  '-l',
  'E:\\kaiyuan\\list-item-edit-master\\entry\\build\\default\\intermediates\\res\\default\\resConfig.json'
]
[2026-05-25T13:28:50.181] [DEBUG] debug-file - current process  memoryUsage: {
  rss: 261857280,
  heapTotal: 163229696,
  heapUsed: 135645976,
  external: 3098175,
  arrayBuffers: 201572
} os memoryUsage :14.135711669921875
[2026-05-25T13:28:50.391] [DEBUG] debug-file - Info: Pack: normal pack mode

[2026-05-25T13:28:51.345] [DEBUG] debug-file - Info: hardware concurrency count is : 24
Info: thread count is : 24

[2026-05-25T13:28:51.346] [DEBUG] debug-file - Info: thread pool is started

[2026-05-25T13:28:51.346] [DEBUG] debug-file - Info: GenericCompiler::CompileFiles

[2026-05-25T13:28:51.351] [DEBUG] debug-file - Info: GenericCompiler::CompileFiles

[2026-05-25T13:28:51.355] [DEBUG] debug-file - Info: GenericCompiler::CompileFiles

[2026-05-25T13:28:51.359] [DEBUG] debug-file - 05-25 13:28:51.360 41384 14288 E C01400/ImageTranscoderUtils: DecodeToRGBA IN
05-25 13:28:51.360 41384 14288 E C01400/ImageTranscoderUtils: ImageFilter IN E:\kaiyuan\list-item-edit-master\AppScope\resources\base\media\app_icon.png

[2026-05-25T13:28:51.371] [DEBUG] debug-file - 05-25 13:28:51.372 41384 14288 E C01400/ImageTranscoder: TranscodeSLR Only zoom-out is supported.
Warning: ScaleImage failed, error message: INVALID_PARAMETERS, file path = E:\kaiyuan\list-item-edit-master\AppScope\resources\base\media\app_icon.png

[2026-05-25T13:28:51.373] [DEBUG] debug-file - 05-25 13:28:51.373 41384 14288 E C01400/ImageTranscoderUtils: DecodeToRGBA IN
05-25 13:28:51.373 41384 14288 E C01400/ImageTranscoderUtils: ImageFilter IN E:\kaiyuan\list-item-edit-master\entry\src\main\resources\base\media\background.png

[2026-05-25T13:28:51.384] [DEBUG] debug-file - 05-25 13:28:51.384 41384 14288 E C01400/ImageTranscoder: TranscodeSLR Only zoom-out is supported.

[2026-05-25T13:28:51.384] [DEBUG] debug-file - Warning: ScaleImage failed, error message: INVALID_PARAMETERS, file path = E:\kaiyuan\list-item-edit-master\entry\src\main\resources\base\media\background.png

[2026-05-25T13:28:51.385] [DEBUG] debug-file - 05-25 13:28:51.386 41384 14288 E C01400/ImageTranscoderUtils: DecodeToRGBA IN
05-25 13:28:51.386 41384 14288 E C01400/ImageTranscoderUtils: ImageFilter IN E:\kaiyuan\list-item-edit-master\entry\src\main\resources\base\media\foreground.png

[2026-05-25T13:28:51.395] [DEBUG] debug-file - 05-25 13:28:51.396 41384 14288 E C01400/ImageTranscoder: TranscodeSLR Only zoom-out is supported.

[2026-05-25T13:28:51.395] [DEBUG] debug-file - Warning: ScaleImage failed, error message: INVALID_PARAMETERS, file path = E:\kaiyuan\list-item-edit-master\entry\src\main\resources\base\media\foreground.png

[2026-05-25T13:28:51.396] [DEBUG] debug-file - Info: can't scale media json file.

[2026-05-25T13:28:51.396] [DEBUG] debug-file - Warning: The width or height of the png file referenced by the icon exceeds the limit (41 pixels)
at E:\kaiyuan\list-item-edit-master\entry\src\main\resources\base\media\background.png
Warning: The width or height of the png file referenced by the icon exceeds the limit (41 pixels)
at E:\kaiyuan\list-item-edit-master\entry\src\main\resources\base\media\foreground.png
Warning: E:\kaiyuan\list-item-edit-master\entry\src\main\resources\base\media\layered_image.json is not png format

[2026-05-25T13:28:51.405] [DEBUG] debug-file - Info: restool resources compile success.

[2026-05-25T13:28:51.406] [DEBUG] debug-file - Info: thread pool is stopped

[2026-05-25T13:28:51.475] [DEBUG] debug-file - entry : default@CompileResource cost memory 0.8867568969726562
[2026-05-25T13:28:51.475] [DEBUG] debug-file - runTaskFromQueue task cost before running: 3 s 649 ms 
[2026-05-25T13:28:51.476] [INFO] debug-file - Finished :entry:default@CompileResource... after 1 s 302 ms 
[2026-05-25T13:28:51.477] [DEBUG] debug-file - Executing task :entry:default@DoNativeStrip
[2026-05-25T13:28:51.477] [DEBUG] debug-file - Task 'entry:default@DoNativeStrip' cost while wrapping incremental declarations: 1 ms 
[2026-05-25T13:28:51.478] [DEBUG] debug-file - entry : default@DoNativeStrip cost memory 0.05804443359375
[2026-05-25T13:28:51.478] [DEBUG] debug-file - runTaskFromQueue task cost before running: 3 s 651 ms 
[2026-05-25T13:28:51.478] [INFO] debug-file - Finished :entry:default@DoNativeStrip... after 2 ms 
[2026-05-25T13:28:51.479] [DEBUG] debug-file - Executing task :entry:default@CompileArkTS
[2026-05-25T13:28:51.480] [DEBUG] debug-file - obfuscationOptions: undefined
[2026-05-25T13:28:51.481] [DEBUG] debug-file - Task 'entry:default@CompileArkTS' cost while wrapping incremental declarations: 1 ms 
[2026-05-25T13:28:51.491] [DEBUG] debug-file - build config:
[2026-05-25T13:28:51.491] [DEBUG] debug-file - {
  moduleType: 'entry',
  perf: 0,
  targetName: '.default',
  packageManagerType: 'ohpm',
  localPropertiesPath: 'E:\\kaiyuan\\list-item-edit-master\\local.properties',
  isPreview: false,
  isOhosTest: false,
  isLocalTest: false,
  buildMode: 'Debug',
  hotReloadBuild: undefined,
  watchMode: 'false',
  aceProfilePath: 'E:\\kaiyuan\\list-item-edit-master\\entry\\build\\default\\intermediates\\res\\default\\resources\\base\\profile',
  etsLoaderPath: 'E:\\kaiyuan\\DevEco Studio\\sdk\\default\\openharmony\\ets\\build-tools\\ets-loader',
  modulePath: 'E:\\kaiyuan\\list-item-edit-master\\entry',
  testFrameworkPar: {
    testMode: undefined,
    coveragePathFilter: undefined,
    coverageMode: undefined
  },
  needCoverageInsert: false,
  debugLine: false,
  projectTopDir: 'E:\\kaiyuan\\list-item-edit-master',
  compileSdkVersion: 22,
  compatibleSdkVersion: 17,
  originCompatibleSdkVersion: '5.0.5(17)',
  compatibleSdkVersionStage: undefined,
  bundleName: 'c***t',
  etsLoaderVersion: '6.0.2.130',
  etsLoaderReleaseType: 'Release',
  aotCompileMode: 'type',
  apPath: 'E:\\kaiyuan\\list-item-edit-master\\entry\\modules.ap',
  entryModuleName: 'entry',
  entryModuleVersion: '1.0.0',
  entryPackageName: 'entry',
  allModuleNameHash: 'dfa66e673a1477d6321eafe4053ac017c627e1e4b0e048d04fc2460181e81ede',
  externalApiPaths: [ 'E:\\kaiyuan\\DevEco Studio\\sdk\\default\\hms\\ets' ],
  compilerTypes: [],
  isCrossplatform: false,
  hvigorPluginFile: undefined,
  compilePluginPath: undefined,
  buildGeneratedProfilePath: 'E:\\kaiyuan\\list-item-edit-master\\entry\\build\\default\\generated\\profile\\default',
  bundleType: 'app',
  arkTSVersion: undefined,
  apiVersion: 22,
  needCompleteSourcesMap: false,
  isFaMode: false,
  buildDir: 'E:\\kaiyuan\\list-item-edit-master\\entry\\build',
  deviceTypes: [ 'phone' ],
  pkgContextInfo: undefined,
  ohPackagePathMap: {},
  dependencyAliasMap: {},
  permission: { requestPermissions: undefined, definePermissions: undefined },
  useGetCurrentBundleName: false,
  projectArkOption: undefined,
  sourceMapDir: undefined,
  branchElimination: false,
  transformLib: undefined,
  tsImportSendable: false,
  resolveConflictMode: true,
  depName2RootPath: {},
  depName2DepInfo: {},
  rootPathSet: [ 'E:\\kaiyuan\\list-item-edit-master' ],
  useNativeResolver: true,
  shouldEmitJs: true,
  useTscResolve: false,
  singleFileEmit: false,
  userProjectConfig: {
    autoLazyImport: false,
    allowEmptyBundleName: false,
    reExportCheckMode: 'noCheck',
    executionMode: 'memory',
    usePathPlaceholder: false,
    writeRollupCache: true,
    isExpandImportEnabled: false,
    expandImportExclude: '',
    lazyImportExclude: '',
    lazyImportInclude: '',
    ignoreCrossplatformCheck: false,
    isHarDeduplicateEnabled: false,
    skipOhModulesLint: false,
    enableStrictCheckOHModule: false,
    disableSendableCheckRules: [],
    useDeclarationFileSignature: false,
    customizedOptions: undefined,
    integratedHsp: false,
    isPreloadSoEnabled: false
  },
  executionMode: 'memory',
  arkCompileCachePath: 'E:\\kaiyuan\\list-item-edit-master\\entry\\build\\default\\cache\\default\\default@CompileArkTS\\esmodule',
  autoLazyFilter: undefined,
  isHarDeduplicateEnabled: false,
  intermediateHarDuplicateDirPath: 'E:\\kaiyuan\\list-item-edit-master\\entry\\build\\default\\intermediates\\har_duplicate\\default',
  autoLazyImport: false,
  allowEmptyBundleName: false,
  reExportCheckMode: 'noCheck',
  usePathPlaceholder: false,
  writeRollupCache: true,
  isExpandImportEnabled: false,
  expandImportExclude: '',
  lazyImportExclude: '',
  lazyImportInclude: '',
  ignoreCrossplatformCheck: false,
  skipOhModulesLint: false,
  enableStrictCheckOHModule: false,
  disableSendableCheckRules: [],
  useDeclarationFileSignature: false,
  customizedOptions: undefined,
  integratedHsp: false,
  isPreloadSoEnabled: false,
  strictMode: undefined,
  useNormalizedOHMUrl: false,
  caseSensitiveCheck: false,
  aceModuleJsonPath: 'E:\\kaiyuan\\list-item-edit-master\\entry\\build\\default\\intermediates\\res\\default\\ark_module.json',
  appResource: 'E:\\kaiyuan\\list-item-edit-master\\entry\\build\\default\\intermediates\\res\\default\\ResourceTable.txt',
  rawFileResource: 'E:\\kaiyuan\\list-item-edit-master\\entry\\build\\default\\intermediates\\res\\default\\resources\\rawfile',
  resourceTableHash: '373b513bae1e1aa9185247b075408873b3844f35c3bb68be84af7ae5ef4aaeb1',
  runtimeOS: 'HarmonyOS',
  sdkInfo: 'false:22:6.0.2.130:Release',
  aceModuleRoot: 'E:\\kaiyuan\\list-item-edit-master\\entry\\src\\main\\ets',
  compileMode: 'esmodule',
  aceSuperVisualPath: 'E:\\kaiyuan\\list-item-edit-master\\entry\\src\\main\\supervisual',
  aceBuildJson: 'E:\\kaiyuan\\list-item-edit-master\\entry\\build\\default\\intermediates\\loader\\default\\loader.json',
  cachePath: 'E:\\kaiyuan\\list-item-edit-master\\entry\\build\\default\\cache\\default\\default@CompileArkTS\\esmodule\\debug',
  aceModuleBuild: 'E:\\kaiyuan\\list-item-edit-master\\entry\\build\\default\\intermediates\\loader_out\\default\\ets',
  supportChunks: true,
  declaredFilesPath: undefined,
  shouldCollectDirectImportees: false,
  isByteCodeHarOptimize: false,
  expandImportPath: undefined,
  pkgNameToPkgBriefInfo: {
    entry: {
      pkgRoot: 'E:\\kaiyuan\\list-item-edit-master\\entry',
      originalSourceRoots: undefined,
      sourceRoots: [Array],
      pkgName: 'entry'
    }
  },
  projectModel: {
    'E:\\kaiyuan\\list-item-edit-master\\entry\\src\\main': {
      moduleName: 'entry',
      modulePkgPath: 'E:\\kaiyuan\\list-item-edit-master\\entry',
      belongProjectPath: 'E:\\kaiyuan\\list-item-edit-master'
    },
    'E:\\kaiyuan\\list-item-edit-master\\entry': {
      moduleName: 'entry',
      modulePkgPath: 'E:\\kaiyuan\\list-item-edit-master\\entry',
      belongProjectPath: 'E:\\kaiyuan\\list-item-edit-master'
    },
    'E:\\kaiyuan\\list-item-edit-master': {
      moduleName: 'list-item-edit-master',
      modulePkgPath: 'E:\\kaiyuan\\list-item-edit-master',
      belongProjectPath: 'E:\\kaiyuan\\list-item-edit-master'
    }
  },
  pkgJsonFileHash: 'd75d706b9f9461efa721fb1a37bee643847ca91a892ec487e58d346f3300d76c',
  allModulePaths: [ 'E:\\kaiyuan\\list-item-edit-master\\entry' ],
  routerMap: {},
  obfuscationOptions: undefined,
  byteCodeHarToDependencyKeys: undefined,
  compileBlockPkg: [],
  mockParams: {
    decorator: '@MockSetup',
    packageName: '@ohos/hamock',
    etsSourceRootPath: 'src/main/ets',
    mockConfigPath: undefined,
    mockConfigKey2ModuleInfo: {},
    source2ModuleIdMap: {}
  },
  copyCodeResourceEnable: true,
  copyCodeResourceExcludes: [],
  copyCodeResourceIncludes: undefined,
  uiTransformOptimization: false,
  sdkPath: 'E:/kaiyuan/DevEco Studio/sdk',
  needPreloadSoFileSet: {},
  preloadSoFilePath: 'E:\\kaiyuan\\list-item-edit-master\\entry\\build\\default\\intermediates\\preload\\default\\preload.json',
  useSourceHash: false,
  localModuleParamMap: {},
  otherPaths: {
    'entry/*': [
      '..\\*',
      '..\\..\\..\\build\\default\\generated\\profile\\default\\*'
    ]
  },
  collectImportersConfig: undefined
}
[2026-05-25T13:28:51.491] [DEBUG] debug-file - Compile arkts with external api path: E:\kaiyuan\DevEco Studio\sdk\default\hms\ets
[2026-05-25T13:28:51.492] [DEBUG] debug-file - default@CompileArkTS work[0] is submitted.
[2026-05-25T13:28:51.492] [DEBUG] debug-file - default@CompileArkTS work[0] is pushed to ready queue.
[2026-05-25T13:28:51.493] [DEBUG] debug-file - A work dispatched to worker[23] failed because unable to get work from ready queue.
[2026-05-25T13:28:51.493] [DEBUG] debug-file - A work dispatched to worker[22] failed because unable to get work from ready queue.
[2026-05-25T13:28:51.493] [DEBUG] debug-file - A work dispatched to worker[21] failed because unable to get work from ready queue.
[2026-05-25T13:28:51.493] [DEBUG] debug-file - A work dispatched to worker[20] failed because unable to get work from ready queue.
[2026-05-25T13:28:51.493] [DEBUG] debug-file - A work dispatched to worker[19] failed because unable to get work from ready queue.
[2026-05-25T13:28:51.493] [DEBUG] debug-file - A work dispatched to worker[18] failed because unable to get work from ready queue.
[2026-05-25T13:28:51.493] [DEBUG] debug-file - A work dispatched to worker[17] failed because unable to get work from ready queue.
[2026-05-25T13:28:51.493] [DEBUG] debug-file - A work dispatched to worker[16] failed because unable to get work from ready queue.
[2026-05-25T13:28:51.493] [DEBUG] debug-file - A work dispatched to worker[15] failed because unable to get work from ready queue.
[2026-05-25T13:28:51.493] [DEBUG] debug-file - A work dispatched to worker[14] failed because unable to get work from ready queue.
[2026-05-25T13:28:51.493] [DEBUG] debug-file - A work dispatched to worker[13] failed because unable to get work from ready queue.
[2026-05-25T13:28:51.493] [DEBUG] debug-file - A work dispatched to worker[12] failed because unable to get work from ready queue.
[2026-05-25T13:28:51.493] [DEBUG] debug-file - A work dispatched to worker[11] failed because unable to get work from ready queue.
[2026-05-25T13:28:51.493] [DEBUG] debug-file - A work dispatched to worker[10] failed because unable to get work from ready queue.
[2026-05-25T13:28:51.493] [DEBUG] debug-file - A work dispatched to worker[9] failed because unable to get work from ready queue.
[2026-05-25T13:28:51.493] [DEBUG] debug-file - A work dispatched to worker[8] failed because unable to get work from ready queue.
[2026-05-25T13:28:51.493] [DEBUG] debug-file - A work dispatched to worker[7] failed because unable to get work from ready queue.
[2026-05-25T13:28:51.493] [DEBUG] debug-file - A work dispatched to worker[6] failed because unable to get work from ready queue.
[2026-05-25T13:28:51.493] [DEBUG] debug-file - A work dispatched to worker[5] failed because unable to get work from ready queue.
[2026-05-25T13:28:51.493] [DEBUG] debug-file - Create  resident worker with id: 4.
[2026-05-25T13:28:51.494] [DEBUG] debug-file - default@CompileArkTS work[0] has been dispatched to worker[4].
[2026-05-25T13:28:51.494] [DEBUG] debug-file - default@CompileArkTS work[0] is dispatched.
[2026-05-25T13:28:51.494] [DEBUG] debug-file - CopyResources startTime: 259753362114800
[2026-05-25T13:28:51.494] [DEBUG] debug-file - default@CompileArkTS work[1] is submitted.
[2026-05-25T13:28:51.494] [DEBUG] debug-file - default@CompileArkTS work[1] is pushed to ready queue.
[2026-05-25T13:28:51.495] [DEBUG] debug-file - A work dispatched to worker[23] failed because unable to get work from ready queue.
[2026-05-25T13:28:51.495] [DEBUG] debug-file - Create  resident worker with id: 22.
[2026-05-25T13:28:51.495] [DEBUG] debug-file - default@CompileArkTS work[1] has been dispatched to worker[22].
[2026-05-25T13:28:51.495] [DEBUG] debug-file - default@CompileArkTS work[1] is dispatched.
[2026-05-25T13:28:51.495] [DEBUG] debug-file - entry : default@CompileArkTS cost memory 2.1292953491210938
[2026-05-25T13:28:51.496] [DEBUG] debug-file - Executing task :entry:default@BuildJS
[2026-05-25T13:28:51.496] [DEBUG] debug-file - Task 'entry:default@BuildJS' cost while wrapping incremental declarations: 1 ms 
[2026-05-25T13:28:51.497] [DEBUG] debug-file - entry : default@BuildJS cost memory 0.1429595947265625
[2026-05-25T13:28:51.497] [DEBUG] debug-file - runTaskFromQueue task cost before running: 3 s 671 ms 
[2026-05-25T13:28:51.498] [INFO] debug-file - Finished :entry:default@BuildJS... after 2 ms 
[2026-05-25T13:28:51.498] [DEBUG] debug-file - Executing task :entry:default@CacheNativeLibs
[2026-05-25T13:28:51.499] [DEBUG] debug-file - Task 'entry:default@CacheNativeLibs' cost while wrapping incremental declarations: 1 ms 
[2026-05-25T13:28:51.499] [DEBUG] debug-file - default@CacheNativeLibs work[2] is submitted.
[2026-05-25T13:28:51.499] [DEBUG] debug-file - default@CacheNativeLibs work[2] is pushed to ready queue.
[2026-05-25T13:28:51.499] [DEBUG] debug-file - A work dispatched to worker[23] failed because unable to get work from ready queue.
[2026-05-25T13:28:51.499] [DEBUG] debug-file - A work dispatched to worker[22] failed because of worker busy.
[2026-05-25T13:28:51.499] [DEBUG] debug-file - Create  resident worker with id: 21.
[2026-05-25T13:28:51.499] [DEBUG] debug-file - default@CacheNativeLibs work[2] has been dispatched to worker[21].
[2026-05-25T13:28:51.499] [DEBUG] debug-file - default@CacheNativeLibs work[2] is dispatched.
[2026-05-25T13:28:51.500] [DEBUG] debug-file - entry : default@CacheNativeLibs cost memory 0.15122222900390625
[2026-05-25T13:28:52.174] [DEBUG] debug-file - worker[22] has one work done.
[2026-05-25T13:28:52.175] [DEBUG] debug-file - CopyResources is end, endTime: 259754042351200
[2026-05-25T13:28:52.175] [DEBUG] debug-file - default@CompileArkTS work[1] done.
[2026-05-25T13:28:52.175] [DEBUG] debug-file - A work dispatched to worker[22] failed because unable to get work from ready queue.
[2026-05-25T13:28:52.259] [DEBUG] debug-file - worker[21] has one work done.
[2026-05-25T13:28:52.259] [DEBUG] debug-file - default@CacheNativeLibs work[2] done.
[2026-05-25T13:28:52.259] [DEBUG] debug-file - A work dispatched to worker[21] failed because unable to get work from ready queue.
[2026-05-25T13:28:52.260] [INFO] debug-file - Finished :entry:default@CacheNativeLibs... after 6 ms 
[2026-05-25T13:29:22.053] [DEBUG] debug-file - worker[4] has one work done.
[2026-05-25T13:29:22.054] [DEBUG] debug-file - Ark compile task finished.finished time is 259783920571900
[2026-05-25T13:29:22.055] [DEBUG] debug-file - default@CompileArkTS work[0] done.
[2026-05-25T13:29:22.056] [DEBUG] debug-file - A work dispatched to worker[4] failed because unable to get work from ready queue.
[2026-05-25T13:29:22.057] [INFO] debug-file - Finished :entry:default@CompileArkTS... after 29 s 60 ms 
[2026-05-25T13:29:22.058] [DEBUG] debug-file - Executing task :entry:default@GeneratePkgModuleJson
[2026-05-25T13:29:22.058] [DEBUG] debug-file - File: 'E:\kaiyuan\list-item-edit-master\entry\build\default\intermediates\preload\default\preload.json' from 'preloadSoJsonPath' is not exists, just ignore.
[2026-05-25T13:29:22.059] [DEBUG] debug-file - Error occurs while handling @Input 'shouldDeduplicateHar': The "data" argument must be of type string or an instance of Buffer, TypedArray, or DataView. Received undefined
[2026-05-25T13:29:22.059] [DEBUG] debug-file - Task 'entry:default@GeneratePkgModuleJson' cost while wrapping incremental declarations: 2 ms 
[2026-05-25T13:29:22.062] [DEBUG] debug-file - entry : default@GeneratePkgModuleJson cost memory 0.16907501220703125
[2026-05-25T13:29:22.062] [DEBUG] debug-file - runTaskFromQueue task cost before running: 34 s 235 ms 
[2026-05-25T13:29:22.062] [INFO] debug-file - Finished :entry:default@GeneratePkgModuleJson... after 4 ms 
[2026-05-25T13:29:22.063] [DEBUG] debug-file - Executing task :entry:default@ProcessCompiledResources
[2026-05-25T13:29:22.063] [DEBUG] debug-file - File: 'E:\kaiyuan\list-item-edit-master\entry\build\default\intermediates\preload\default\preload.json' from 'preloadSoJsonPath' is not exists, just ignore.
[2026-05-25T13:29:22.063] [DEBUG] debug-file - Task 'entry:default@ProcessCompiledResources' cost while wrapping incremental declarations: 1 ms 
[2026-05-25T13:29:22.064] [DEBUG] debug-file - entry : default@ProcessCompiledResources cost memory 0.06026458740234375
[2026-05-25T13:29:22.064] [DEBUG] debug-file - runTaskFromQueue task cost before running: 34 s 237 ms 
[2026-05-25T13:29:22.064] [INFO] debug-file - Finished :entry:default@ProcessCompiledResources... after 1 ms 
[2026-05-25T13:29:22.067] [DEBUG] debug-file - Executing task :entry:default@PackageHap
[2026-05-25T13:29:22.070] [DEBUG] debug-file - Use tool [E:\kaiyuan\DevEco Studio\sdk\default\openharmony\toolchains\lib\app_packing_tool.jar]
 [
  'java',
  '-Dfile.encoding=GBK',
  '-jar',
  'E:\\kaiyuan\\DevEco Studio\\sdk\\default\\openharmony\\toolchains\\lib\\app_packing_tool.jar',
  '--mode',
  'hap',
  '--force',
  'true',
  '--lib-path',
  'E:\\kaiyuan\\list-item-edit-master\\entry\\build\\default\\intermediates\\stripped_native_libs\\default',
  '--json-path',
  'E:\\kaiyuan\\list-item-edit-master\\entry\\build\\default\\intermediates\\package\\default\\module.json',
  '--resources-path',
  'E:\\kaiyuan\\list-item-edit-master\\entry\\build\\default\\intermediates\\res\\default\\resources',
  '--index-path',
  'E:\\kaiyuan\\list-item-edit-master\\entry\\build\\default\\intermediates\\res\\default\\resources.index',
  '--pack-info-path',
  'E:\\kaiyuan\\list-item-edit-master\\entry\\build\\default\\outputs\\default\\pack.info',
  '--out-path',
  'E:\\kaiyuan\\list-item-edit-master\\entry\\build\\default\\outputs\\default\\entry-default-unsigned.hap',
  '--ets-path',
  'E:\\kaiyuan\\list-item-edit-master\\entry\\build\\default\\intermediates\\loader_out\\default\\ets'
]
[2026-05-25T13:29:22.405] [DEBUG] debug-file - java daemon socket received message:{"code":0,"message":"pack success"}
[2026-05-25T13:29:22.410] [DEBUG] debug-file - entry : default@PackageHap cost memory -0.28810882568359375
[2026-05-25T13:29:22.410] [DEBUG] debug-file - runTaskFromQueue task cost before running: 34 s 583 ms 
[2026-05-25T13:29:22.410] [INFO] debug-file - Finished :entry:default@PackageHap... after 344 ms 
[2026-05-25T13:29:22.411] [DEBUG] debug-file - Executing task :entry:default@PackingCheck
[2026-05-25T13:29:22.417] [DEBUG] debug-file - entry : default@PackingCheck cost memory 0.7255630493164062
[2026-05-25T13:29:22.417] [DEBUG] debug-file - runTaskFromQueue task cost before running: 34 s 591 ms 
[2026-05-25T13:29:22.417] [INFO] debug-file - Finished :entry:default@PackingCheck... after 6 ms 
[2026-05-25T13:29:22.419] [DEBUG] debug-file - Executing task :entry:default@SignHap
[2026-05-25T13:29:22.419] [WARN] debug-file - Will skip sign 'hos_hap'. No signingConfigs profile is configured in current project.
             If needed, configure the signingConfigs in E:\kaiyuan\list-item-edit-master\build-profile.json5.
[2026-05-25T13:29:22.420] [DEBUG] debug-file - entry : default@SignHap cost memory 0.06291961669921875
[2026-05-25T13:29:22.420] [DEBUG] debug-file - runTaskFromQueue task cost before running: 34 s 593 ms 
[2026-05-25T13:29:22.420] [INFO] debug-file - Finished :entry:default@SignHap... after 1 ms 
[2026-05-25T13:29:22.421] [DEBUG] debug-file - Executing task :entry:default@CollectDebugSymbol
[2026-05-25T13:29:22.421] [DEBUG] debug-file - entry : default@CollectDebugSymbol cost memory 0.09391021728515625
[2026-05-25T13:29:22.421] [DEBUG] debug-file - runTaskFromQueue task cost before running: 34 s 595 ms 
[2026-05-25T13:29:22.421] [INFO] debug-file - Finished :entry:default@CollectDebugSymbol... after 1 ms 
[2026-05-25T13:29:22.422] [DEBUG] debug-file - Executing task :entry:assembleHap
[2026-05-25T13:29:22.422] [DEBUG] debug-file - entry : assembleHap cost memory 0.0128326416015625
[2026-05-25T13:29:22.422] [DEBUG] debug-file - runTaskFromQueue task cost before running: 34 s 595 ms 
[2026-05-25T13:29:22.422] [INFO] debug-file - Finished :entry:assembleHap... after 1 ms 
[2026-05-25T13:29:22.430] [INFO] debug-file - BUILD SUCCESSFUL in 34 s 603 ms 
[2026-05-25T13:29:22.430] [DEBUG] debug-file - Update task entry:default@PreBuild input file:E:\kaiyuan\list-item-edit-master\AppScope\app.json5 cache by regenerate.
[2026-05-25T13:29:22.431] [DEBUG] debug-file - Update task entry:default@PreBuild input file:E:\kaiyuan\list-item-edit-master\entry\src\main\module.json5 cache by regenerate.
[2026-05-25T13:29:22.431] [DEBUG] debug-file - Update task entry:default@PreBuild input file:E:\kaiyuan\list-item-edit-master\build-profile.json5 cache by regenerate.
[2026-05-25T13:29:22.431] [DEBUG] debug-file - Update task entry:default@PreBuild input file:E:\kaiyuan\list-item-edit-master\entry\build-profile.json5 cache by regenerate.
[2026-05-25T13:29:22.431] [DEBUG] debug-file - Update task entry:default@PreBuild input file:E:\kaiyuan\list-item-edit-master\entry\src\main\resources\base\profile\main_pages.json cache by regenerate.
[2026-05-25T13:29:22.431] [DEBUG] debug-file - Update task entry:default@PreBuild input file:E:\kaiyuan\list-item-edit-master\hvigor\hvigor-config.json5 cache by regenerate.
[2026-05-25T13:29:22.431] [DEBUG] debug-file - Update task entry:default@PreBuild input file:E:\kaiyuan\list-item-edit-master\entry\oh-package.json5 cache by regenerate.
[2026-05-25T13:29:22.431] [DEBUG] debug-file - Update task entry:default@PreBuild input file:E:\kaiyuan\list-item-edit-master\oh-package.json5 cache by regenerate.
[2026-05-25T13:29:22.432] [DEBUG] debug-file - Incremental task entry:default@PreBuild post-execution cost:2 ms .
[2026-05-25T13:29:22.432] [DEBUG] debug-file - Update task entry:default@CreateModuleInfo output file:E:\kaiyuan\list-item-edit-master\entry\build\default\generated\profile\default\ModuleInfo.ts cache.
[2026-05-25T13:29:22.432] [DEBUG] debug-file - Incremental task entry:default@CreateModuleInfo post-execution cost:1 ms .
[2026-05-25T13:29:22.432] [DEBUG] debug-file - Update task entry:default@GenerateMetadata input file:E:\kaiyuan\list-item-edit-master\entry\src\main\module.json5 cache by regenerate.
[2026-05-25T13:29:22.432] [DEBUG] debug-file - Update task entry:default@GenerateMetadata output file:E:\kaiyuan\list-item-edit-master\entry\build\default\intermediates\hap_metadata\default\output_metadata.json cache.
[2026-05-25T13:29:22.432] [DEBUG] debug-file - Incremental task entry:default@GenerateMetadata post-execution cost:1 ms .
[2026-05-25T13:29:22.432] [DEBUG] debug-file - Update task entry:default@MergeProfile input file:E:\kaiyuan\list-item-edit-master\AppScope\app.json5 cache by regenerate.
[2026-05-25T13:29:22.433] [DEBUG] debug-file - Update task entry:default@MergeProfile input file:E:\kaiyuan\list-item-edit-master\build-profile.json5 cache by regenerate.
[2026-05-25T13:29:22.433] [DEBUG] debug-file - Update task entry:default@MergeProfile input file:E:\kaiyuan\list-item-edit-master\entry\src\main\module.json5 cache by regenerate.
[2026-05-25T13:29:22.433] [DEBUG] debug-file - Update task entry:default@MergeProfile output file:E:\kaiyuan\list-item-edit-master\entry\build\default\intermediates\merge_profile\default\module.json cache.
[2026-05-25T13:29:22.433] [DEBUG] debug-file - Incremental task entry:default@MergeProfile post-execution cost:1 ms .
[2026-05-25T13:29:22.433] [DEBUG] debug-file - Update task entry:default@CreateBuildProfile input file:E:\kaiyuan\list-item-edit-master\AppScope\app.json5 cache by regenerate.
[2026-05-25T13:29:22.434] [DEBUG] debug-file - Update task entry:default@CreateBuildProfile input file:E:\kaiyuan\list-item-edit-master\build-profile.json5 cache by regenerate.
[2026-05-25T13:29:22.434] [DEBUG] debug-file - Update task entry:default@CreateBuildProfile output file:E:\kaiyuan\list-item-edit-master\entry\build\default\generated\profile\default\BuildProfile.ets cache.
[2026-05-25T13:29:22.434] [DEBUG] debug-file - Incremental task entry:default@CreateBuildProfile post-execution cost:1 ms .
[2026-05-25T13:29:22.434] [DEBUG] debug-file - Update task entry:default@GeneratePkgContextInfo output file:E:\kaiyuan\list-item-edit-master\entry\build\default\intermediates\loader\default\pkgContextInfo.json cache.
[2026-05-25T13:29:22.434] [DEBUG] debug-file - Incremental task entry:default@GeneratePkgContextInfo post-execution cost:1 ms .
[2026-05-25T13:29:22.434] [DEBUG] debug-file - Update task entry:default@ProcessIntegratedHsp output file:E:\kaiyuan\list-item-edit-master\build\cache\default\integrated_hsp\integratedHspCache.json cache.
[2026-05-25T13:29:22.434] [DEBUG] debug-file - Incremental task entry:default@ProcessIntegratedHsp post-execution cost:1 ms .
[2026-05-25T13:29:22.434] [DEBUG] debug-file - Update task entry:default@MakePackInfo input file:E:\kaiyuan\list-item-edit-master\AppScope\app.json5 cache by regenerate.
[2026-05-25T13:29:22.434] [DEBUG] debug-file - Update task entry:default@MakePackInfo input file:E:\kaiyuan\list-item-edit-master\entry\src\main\module.json5 cache by regenerate.
[2026-05-25T13:29:22.434] [DEBUG] debug-file - Update task entry:default@MakePackInfo input file:E:\kaiyuan\list-item-edit-master\build-profile.json5 cache by regenerate.
[2026-05-25T13:29:22.434] [DEBUG] debug-file - Update task entry:default@MakePackInfo output file:E:\kaiyuan\list-item-edit-master\entry\build\default\outputs\default\pack.info cache.
[2026-05-25T13:29:22.435] [DEBUG] debug-file - Incremental task entry:default@MakePackInfo post-execution cost:1 ms .
[2026-05-25T13:29:22.435] [DEBUG] debug-file - Update task entry:default@SyscapTransform input file:E:\kaiyuan\DevEco Studio\sdk\default\openharmony\toolchains\syscap_tool.exe cache by regenerate.
[2026-05-25T13:29:22.435] [DEBUG] debug-file - Update task entry:default@SyscapTransform input file:E:\kaiyuan\DevEco Studio\sdk\default\openharmony\ets\api\device-define cache by regenerate.
[2026-05-25T13:29:22.435] [DEBUG] debug-file - Update task entry:default@SyscapTransform output file:E:\kaiyuan\list-item-edit-master\entry\build\default\intermediates\syscap\default\rpcid.sc cache.
[2026-05-25T13:29:22.436] [DEBUG] debug-file - Incremental task entry:default@SyscapTransform post-execution cost:1 ms .
[2026-05-25T13:29:22.436] [DEBUG] debug-file - Update task entry:default@ProcessProfile input file:E:\kaiyuan\list-item-edit-master\entry\build\default\intermediates\merge_profile\default\module.json cache by regenerate.
[2026-05-25T13:29:22.436] [DEBUG] debug-file - Update task entry:default@ProcessProfile output file:E:\kaiyuan\list-item-edit-master\entry\build\default\intermediates\process_profile\default\module.json cache.
[2026-05-25T13:29:22.436] [DEBUG] debug-file - Incremental task entry:default@ProcessProfile post-execution cost:1 ms .
[2026-05-25T13:29:22.436] [DEBUG] debug-file - Update task entry:default@ProcessRouterMap input file:E:\kaiyuan\list-item-edit-master\entry\oh-package.json5 cache by regenerate.
[2026-05-25T13:29:22.436] [DEBUG] debug-file - Update task entry:default@ProcessRouterMap input file:E:\kaiyuan\list-item-edit-master\oh-package.json5 cache by regenerate.
[2026-05-25T13:29:22.436] [DEBUG] debug-file - Update task entry:default@ProcessRouterMap input file:E:\kaiyuan\list-item-edit-master\entry\src\main\module.json5 cache by regenerate.
[2026-05-25T13:29:22.436] [DEBUG] debug-file - Update task entry:default@ProcessRouterMap output file:E:\kaiyuan\list-item-edit-master\entry\build\default\intermediates\router_map\default\temp-router-map.json cache.
[2026-05-25T13:29:22.436] [DEBUG] debug-file - Update task entry:default@ProcessRouterMap output file:E:\kaiyuan\list-item-edit-master\entry\build\default\intermediates\router_map\default\loader-router-map.json cache.
[2026-05-25T13:29:22.436] [DEBUG] debug-file - Incremental task entry:default@ProcessRouterMap post-execution cost:1 ms .
[2026-05-25T13:29:22.437] [DEBUG] debug-file - Update task entry:default@ProcessShareConfig input file:E:\kaiyuan\list-item-edit-master\entry\oh-package.json5 cache by regenerate.
[2026-05-25T13:29:22.437] [DEBUG] debug-file - Update task entry:default@ProcessShareConfig input file:E:\kaiyuan\list-item-edit-master\oh-package.json5 cache by regenerate.
[2026-05-25T13:29:22.437] [DEBUG] debug-file - Update task entry:default@ProcessShareConfig input file:E:\kaiyuan\list-item-edit-master\entry\src\main\module.json5 cache by regenerate.
[2026-05-25T13:29:22.437] [DEBUG] debug-file - Update task entry:default@ProcessShareConfig output file:E:\kaiyuan\list-item-edit-master\entry\build\default\intermediates\share_config\default\temp-share-config.json cache.
[2026-05-25T13:29:22.437] [DEBUG] debug-file - Incremental task entry:default@ProcessShareConfig post-execution cost:1 ms .
[2026-05-25T13:29:22.437] [DEBUG] debug-file - Update task entry:default@ProcessStartupConfig output file:E:\kaiyuan\list-item-edit-master\entry\build\default\intermediates\startup\default\startup_config.json cache.
[2026-05-25T13:29:22.437] [DEBUG] debug-file - Incremental task entry:default@ProcessStartupConfig post-execution cost:1 ms .
[2026-05-25T13:29:22.437] [DEBUG] debug-file - Update task entry:default@ProcessResource output file:E:\kaiyuan\list-item-edit-master\entry\build\default\intermediates\res\default\resConfig.json cache.
[2026-05-25T13:29:22.437] [DEBUG] debug-file - Update task entry:default@ProcessResource output file:E:\kaiyuan\list-item-edit-master\entry\build\default\intermediates\res\default\opt-compression.json cache.
[2026-05-25T13:29:22.438] [DEBUG] debug-file - Incremental task entry:default@ProcessResource post-execution cost:1 ms .
[2026-05-25T13:29:22.438] [DEBUG] debug-file - Update task entry:default@GenerateLoaderJson input file:E:\kaiyuan\list-item-edit-master\entry\build\default\intermediates\router_map\default\temp-router-map.json cache by regenerate.
[2026-05-25T13:29:22.439] [DEBUG] debug-file - Update task entry:default@GenerateLoaderJson output file:E:\kaiyuan\list-item-edit-master\entry\build\default\intermediates\loader\default\loader.json cache.
[2026-05-25T13:29:22.439] [DEBUG] debug-file - Incremental task entry:default@GenerateLoaderJson post-execution cost:2 ms .
[2026-05-25T13:29:22.439] [DEBUG] debug-file - Update task entry:default@ProcessLibs input file:E:\kaiyuan\list-item-edit-master\build-profile.json5 cache by regenerate.
[2026-05-25T13:29:22.440] [DEBUG] debug-file - Update task entry:default@ProcessLibs input file:E:\kaiyuan\list-item-edit-master\entry\build-profile.json5 cache by regenerate.
[2026-05-25T13:29:22.440] [DEBUG] debug-file - Update task entry:default@ProcessLibs output file:E:\kaiyuan\list-item-edit-master\entry\build\default\intermediates\libs\default cache.
[2026-05-25T13:29:22.440] [DEBUG] debug-file - Incremental task entry:default@ProcessLibs post-execution cost:1 ms .
[2026-05-25T13:29:22.440] [DEBUG] debug-file - Update task entry:default@CompileResource input file:E:\kaiyuan\list-item-edit-master\entry\src\main\resources cache by regenerate.
[2026-05-25T13:29:22.442] [DEBUG] debug-file - Update task entry:default@CompileResource input file:E:\kaiyuan\list-item-edit-master\AppScope\resources cache by regenerate.
[2026-05-25T13:29:22.443] [DEBUG] debug-file - Update task entry:default@CompileResource input file:E:\kaiyuan\list-item-edit-master\entry\build\default\intermediates\process_profile\default\module.json cache by regenerate.
[2026-05-25T13:29:22.443] [DEBUG] debug-file - Update task entry:default@CompileResource input file:E:\kaiyuan\list-item-edit-master\entry\build\default\intermediates\res\default\resConfig.json cache by regenerate.
[2026-05-25T13:29:22.444] [DEBUG] debug-file - Update task entry:default@CompileResource output file:E:\kaiyuan\list-item-edit-master\entry\build\default\intermediates\res\default cache.
[2026-05-25T13:29:22.445] [DEBUG] debug-file - Update task entry:default@CompileResource output file:E:\kaiyuan\list-item-edit-master\entry\build\default\generated\r\default\ResourceTable.h cache.
[2026-05-25T13:29:22.445] [DEBUG] debug-file - Update task entry:default@CompileResource output file:E:\kaiyuan\list-item-edit-master\entry\build\default\generated\r\default cache.
[2026-05-25T13:29:22.446] [DEBUG] debug-file - Incremental task entry:default@CompileResource post-execution cost:6 ms .
[2026-05-25T13:29:22.446] [DEBUG] debug-file - Update task entry:default@DoNativeStrip input file:E:\kaiyuan\list-item-edit-master\entry\build\default\intermediates\libs\default cache by regenerate.
[2026-05-25T13:29:22.446] [DEBUG] debug-file - Update task entry:default@DoNativeStrip output file:E:\kaiyuan\list-item-edit-master\entry\build\default\intermediates\stripped_native_libs\default cache.
[2026-05-25T13:29:22.446] [DEBUG] debug-file - Incremental task entry:default@DoNativeStrip post-execution cost:1 ms .
[2026-05-25T13:29:22.448] [DEBUG] debug-file - Update task entry:default@CompileArkTS input file:E:\kaiyuan\list-item-edit-master\entry\build\default\intermediates\loader\default cache by regenerate.
[2026-05-25T13:29:22.448] [DEBUG] debug-file - Update task entry:default@CompileArkTS input file:E:\kaiyuan\list-item-edit-master\entry\build\default\intermediates\res\default\ResourceTable.txt cache by regenerate.
[2026-05-25T13:29:22.448] [DEBUG] debug-file - Update task entry:default@CompileArkTS input file:E:\kaiyuan\list-item-edit-master\entry\build\default\intermediates\res\default\ark_module.json cache by regenerate.
[2026-05-25T13:29:22.448] [DEBUG] debug-file - Update task entry:default@CompileArkTS input file:E:\kaiyuan\list-item-edit-master\entry\build\default\intermediates\res\default\resources\base\profile cache by regenerate.
[2026-05-25T13:29:22.449] [DEBUG] debug-file - Update task entry:default@CompileArkTS input file:E:\kaiyuan\list-item-edit-master\entry\src\main\ets cache by regenerate.
[2026-05-25T13:29:22.451] [DEBUG] debug-file - Update task entry:default@CompileArkTS input file:E:\kaiyuan\list-item-edit-master\entry\build\default\generated\profile\default\BuildProfile.ets cache by regenerate.
[2026-05-25T13:29:22.451] [DEBUG] debug-file - Update task entry:default@CompileArkTS output file:E:\kaiyuan\list-item-edit-master\entry\build\default\intermediates\loader_out\default\ets cache.
[2026-05-25T13:29:22.452] [DEBUG] debug-file - Incremental task entry:default@CompileArkTS post-execution cost:6 ms .
[2026-05-25T13:29:22.452] [DEBUG] debug-file - Update task entry:default@BuildJS input file:E:\kaiyuan\list-item-edit-master\entry\build\default\intermediates\loader\default cache by regenerate.
[2026-05-25T13:29:22.453] [DEBUG] debug-file - Update task entry:default@BuildJS input file:E:\kaiyuan\list-item-edit-master\entry\build\default\intermediates\res\default\ResourceTable.txt cache by regenerate.
[2026-05-25T13:29:22.453] [DEBUG] debug-file - Update task entry:default@BuildJS input file:E:\kaiyuan\list-item-edit-master\entry\build\default\intermediates\res\default\ark_module.json cache by regenerate.
[2026-05-25T13:29:22.453] [DEBUG] debug-file - Update task entry:default@BuildJS input file:E:\kaiyuan\list-item-edit-master\entry\build\default\intermediates\res\default\resources\base\profile cache by regenerate.
[2026-05-25T13:29:22.453] [DEBUG] debug-file - Update task entry:default@BuildJS output file:E:\kaiyuan\list-item-edit-master\entry\build\default\intermediates\loader_out\default\js cache.
[2026-05-25T13:29:22.453] [DEBUG] debug-file - Incremental task entry:default@BuildJS post-execution cost:2 ms .
[2026-05-25T13:29:22.453] [DEBUG] debug-file - Update task entry:default@CacheNativeLibs input file:E:\kaiyuan\list-item-edit-master\entry\build\default\intermediates\stripped_native_libs\default cache by regenerate.
[2026-05-25T13:29:22.453] [DEBUG] debug-file - Update task entry:default@CacheNativeLibs input file:E:\kaiyuan\list-item-edit-master\entry\build\default\intermediates\libs\default cache by regenerate.
[2026-05-25T13:29:22.453] [DEBUG] debug-file - Update task entry:default@CacheNativeLibs output file:E:\kaiyuan\list-item-edit-master\entry\build\default\intermediates\patch\default\base_native_libs.json cache.
[2026-05-25T13:29:22.453] [DEBUG] debug-file - Incremental task entry:default@CacheNativeLibs post-execution cost:1 ms .
[2026-05-25T13:29:22.453] [DEBUG] debug-file - Update task entry:default@GeneratePkgModuleJson input file:E:\kaiyuan\list-item-edit-master\entry\build\default\intermediates\res\default\module.json cache by regenerate.
[2026-05-25T13:29:22.454] [DEBUG] debug-file - Update task entry:default@GeneratePkgModuleJson output file:E:\kaiyuan\list-item-edit-master\entry\build\default\intermediates\package\default\module.json cache.
[2026-05-25T13:29:22.454] [DEBUG] debug-file - Incremental task entry:default@GeneratePkgModuleJson post-execution cost:1 ms .
[2026-05-25T13:29:22.454] [DEBUG] debug-file - Incremental task entry:default@ProcessCompiledResources post-execution cost:1 ms .
[2026-05-25T13:29:22.454] [DEBUG] debug-file - Update task entry:default@PackageHap input file:E:\kaiyuan\list-item-edit-master\entry\build\default\intermediates\stripped_native_libs\default cache by regenerate.
[2026-05-25T13:29:22.454] [DEBUG] debug-file - Update task entry:default@PackageHap input file:E:\kaiyuan\list-item-edit-master\entry\build\default\intermediates\res\default\module.json cache by regenerate.
[2026-05-25T13:29:22.454] [DEBUG] debug-file - Update task entry:default@PackageHap input file:E:\kaiyuan\list-item-edit-master\entry\build\default\intermediates\res\default\resources cache by regenerate.
[2026-05-25T13:29:22.455] [DEBUG] debug-file - Update task entry:default@PackageHap input file:E:\kaiyuan\list-item-edit-master\entry\build\default\intermediates\res\default\resources.index cache by regenerate.
[2026-05-25T13:29:22.455] [DEBUG] debug-file - Update task entry:default@PackageHap input file:E:\kaiyuan\list-item-edit-master\entry\build\default\outputs\default\pack.info cache by regenerate.
[2026-05-25T13:29:22.455] [DEBUG] debug-file - Update task entry:default@PackageHap input file:E:\kaiyuan\list-item-edit-master\entry\build\default\intermediates\loader_out\default\ets cache by regenerate.
[2026-05-25T13:29:22.455] [DEBUG] debug-file - Update task entry:default@PackageHap input file:E:\kaiyuan\list-item-edit-master\entry\build\default\intermediates\loader_out\default\ets\sourceMaps.map cache by regenerate.
[2026-05-25T13:29:22.455] [DEBUG] debug-file - Update task entry:default@PackageHap input file:E:\kaiyuan\list-item-edit-master\entry\build\default\generated\profile\default\BuildProfile.ets cache by regenerate.
[2026-05-25T13:29:22.455] [DEBUG] debug-file - Update task entry:default@PackageHap output file:E:\kaiyuan\list-item-edit-master\entry\build\default\outputs\default\entry-default-unsigned.hap cache.
[2026-05-25T13:29:22.456] [DEBUG] debug-file - Update task entry:default@PackageHap output file:E:\kaiyuan\list-item-edit-master\entry\build\default\intermediates\source_map\default\sourceMaps.map cache.
[2026-05-25T13:29:22.456] [DEBUG] debug-file - Update task entry:default@PackageHap output file:E:\kaiyuan\list-item-edit-master\entry\build\default\outputs\default\mapping\sourceMaps.map cache.
[2026-05-25T13:29:22.456] [DEBUG] debug-file - Incremental task entry:default@PackageHap post-execution cost:3 ms .
[2026-05-25T13:29:22.456] [DEBUG] debug-file - Update task entry:default@SignHap input file:E:\kaiyuan\list-item-edit-master\entry\build\default\outputs\default\entry-default-unsigned.hap cache by regenerate.
[2026-05-25T13:29:22.456] [DEBUG] debug-file - Update task entry:default@SignHap output file:E:\kaiyuan\list-item-edit-master\entry\build\default\outputs\default\entry-default-signed.hap cache.
[2026-05-25T13:29:22.456] [DEBUG] debug-file - Incremental task entry:default@SignHap post-execution cost:1 ms .
[2026-05-25T13:29:22.457] [DEBUG] debug-file - Update task entry:default@CollectDebugSymbol input file:E:\kaiyuan\list-item-edit-master\entry\build\default\intermediates\loader_out\default\ets\sourceMaps.map cache by regenerate.
[2026-05-25T13:29:22.457] [DEBUG] debug-file - Update task entry:default@CollectDebugSymbol input file:E:\kaiyuan\list-item-edit-master\entry\build\default\intermediates\libs\default cache by regenerate.
[2026-05-25T13:29:22.457] [DEBUG] debug-file - Update task entry:default@CollectDebugSymbol output file:E:\kaiyuan\list-item-edit-master\entry\build\default\outputs\default\symbol cache.
[2026-05-25T13:29:22.457] [DEBUG] debug-file - Incremental task entry:default@CollectDebugSymbol post-execution cost:1 ms .
[2026-05-25T13:29:22.474] [DEBUG] debug-file - Cleanup worker 0.
[2026-05-25T13:29:22.475] [DEBUG] debug-file - Worker 0 has been cleaned up.
[2026-05-25T13:29:22.475] [DEBUG] debug-file - Current idle worker size: 4.
[2026-05-25T13:29:22.475] [DEBUG] debug-file - Current resident worker size: 5.
[2026-05-25T13:29:22.475] [DEBUG] debug-file - Cleanup worker 1.
[2026-05-25T13:29:22.475] [DEBUG] debug-file - Worker 1 has been cleaned up.
[2026-05-25T13:29:22.475] [DEBUG] debug-file - Current idle worker size: 3.
[2026-05-25T13:29:22.475] [DEBUG] debug-file - Current resident worker size: 5.
[2026-05-25T13:29:22.475] [DEBUG] debug-file - Cleanup worker 22.
[2026-05-25T13:29:22.475] [DEBUG] debug-file - Worker 22 has been cleaned up.
[2026-05-25T13:29:22.475] [DEBUG] debug-file - Current idle worker size: 2.
[2026-05-25T13:29:22.475] [DEBUG] debug-file - Current resident worker size: 5.
[2026-05-25T13:29:22.475] [DEBUG] debug-file - Cleanup worker 21.
[2026-05-25T13:29:22.475] [DEBUG] debug-file - Worker 21 has been cleaned up.
[2026-05-25T13:29:22.475] [DEBUG] debug-file - Current idle worker size: 1.
[2026-05-25T13:29:22.475] [DEBUG] debug-file - Current resident worker size: 5.
[2026-05-25T13:29:22.478] [DEBUG] debug-file - session manager: send message to worker process.
[2026-05-25T13:29:22.479] [DEBUG] debug-file - session manager: send message to worker process.
[2026-05-25T13:29:22.476] [DEBUG] debug-file - hvigor build process will be closed.
[2026-05-25T13:29:22.477] [DEBUG] debug-file - java daemon socket close code:1000 reason:close by user
[2026-05-25T13:29:22.478] [DEBUG] debug-file - worker[0] exits with exit code 1.
[2026-05-25T13:29:22.480] [DEBUG] debug-file - worker[1] exits with exit code 1.
[2026-05-25T13:29:22.481] [DEBUG] debug-file - watch worker: worker id should be larger than 0. Nothing will be sent to any worker thread.
[2026-05-25T13:29:22.481] [DEBUG] debug-file - watch worker: worker id should be larger than 0. Nothing will be sent to any worker thread.
[2026-05-25T13:29:22.483] [DEBUG] debug-file - worker[22] exits with exit code 1.
[2026-05-25T13:29:22.483] [DEBUG] debug-file - worker[21] exits with exit code 1.
